// Jest Snapshot v1, https://goo.gl/fbAQLP

exports[`#TextInputField() it should display validation errors 1`] = `
<form
  onSubmit={[Function]}
>
  <div
    className="form-group"
  >
    <input
      className="form-control "
      name="username"
      onChange={[Function]}
      type="text"
      validators={
        Array [
          [Function],
        ]
      }
      value="a"
    />
  </div>
</form>
`;

exports[`#TextInputField() should render a single input tag with no bootstrap styles 1`] = `
<form
  onSubmit={[Function]}
/>
`;

exports[`#TextInputField() should render an input field with the bootstrap styled tags 1`] = `
<form
  onSubmit={[Function]}
/>
`;

exports[`<Form /> should render a form element with bootstrap extra tags 1`] = `
<form
  bare={false}
  context={[Function]}
  onSubmit={[Function]}
  state={
    Object {
      "username": "joebloggs",
    }
  }
/>
`;

exports[`<Form /> should render a form element with no extra tags 1`] = `
<form
  onSubmit={[Function]}
/>
`;
